
[1mpinto[0m


[1mdashgrid[0m


[1mtemplate-generator[0m

All projects synced
Name:         pwd              
Description:                   
Shell:        sh -c            
Env:          VERSION=v.1.2.3  
              TEST=Hello World 
Command:      pwd              
                             

[1mexample[0m
/home/test/test/tmp/golden/run/multiple-commands


[1mpinto[0m
/home/test/test/tmp/golden/run/multiple-commands/frontend/pinto


[1mdashgrid[0m
/home/test/test/tmp/golden/run/multiple-commands/frontend/dashgrid


[1mtemplate-generator[0m
/home/test/test/tmp/golden/run/multiple-commands/template-generator


Name:         multi            
Description:                   
Shell:        sh -c            
Env:          VERSION=v.1.2.3  
              TEST=Hello World 
Command:      echo "1st line " 
              echo "2nd line"  
                               
                             

[1mexample[0m
1st line 
2nd line


[1mpinto[0m
1st line 
2nd line


[1mdashgrid[0m
1st line 
2nd line


[1mtemplate-generator[0m
1st line 
2nd line


