
[1mpinto[0m


[1mdashgrid[0m


[1mtemplate-generator[0m

All projects synced
Name:            submarine        
Description:     Submarine test   
Shell:           sh -c            
Env:             VERSION=v.1.2.3  
                 TEST=Hello World 
Command:         echo 0           
Commands:                         
 - Name:         command-1        
   Description:                   
   Shell:        sh -c            
   Env:          VERSION=v.1.2.3  
                 TEST=Hello World 
   Command:      echo 1           
                                
 - Name:         command-2        
   Description:                   
   Shell:        sh -c            
   Env:          VERSION=v.1.2.3  
                 TEST=Hello World 
   Command:      echo 2           
                                
 - Name:         command-3        
   Description:                   
   Shell:        sh -c            
   Env:          VERSION=v.1.2.3  
                 TEST=Hello World 
   Command:      echo 3           
                                

[1mexample[0m
0

# command-1
1

# command-2
2

# command-3
3


[1mpinto[0m
0

# command-1
1

# command-2
2

# command-3
3


[1mdashgrid[0m
0

# command-1
1

# command-2
2

# command-3
3


[1mtemplate-generator[0m
0

# command-1
1

# command-2
2

# command-3
3


