┌──────────────────┬────────────────┐
│ name             │ description    │
├──────────────────┼────────────────┤
│ fetch            │ Fetch git      │
│ status           │                │
│ checkout         │                │
│ create-branch    │                │
│ multi            │                │
│ default-tags     │                │
│ default-projects │                │
│ default-output   │                │
│ pwd              │                │
│ submarine        │ Submarine test │
└──────────────────┴────────────────┘
