┌────────────────────┬────────────────┬─────────────┐
│ name               │ tags           │ description │
├────────────────────┼────────────────┼─────────────┤
│ example            │                │             │
│ pinto              │ frontend       │             │
│ dashgrid           │ frontend, misc │             │
│ template-generator │                │             │
└────────────────────┴────────────────┴─────────────┘
