Name:            fetch                   
Description:     Fetch git               
Shell:           sh -c                   
Env:             VERSION=v.1.2.3         
                 TEST=Hello World        
Command:         git fetch               
                                       
                                       
Name:            status                  
Description:                             
Shell:           sh -c                   
Env:             VERSION=v.1.2.3         
                 TEST=Hello World        
Command:         git status              
                                       
                                       
Name:            checkout                
Description:                             
Shell:           sh -c                   
Env:             branch=master           
                 VERSION=v.1.2.3         
                 TEST=Hello World        
Command:         git checkout $branch    
                                       
                                       
Name:            create-branch           
Description:                             
Shell:           sh -c                   
Env:             VERSION=v.1.2.3         
                 TEST=Hello World        
Command:         git checkout -b $branch 
                                       
                                       
Name:            multi                   
Description:                             
Shell:           sh -c                   
Env:             VERSION=v.1.2.3         
                 TEST=Hello World        
Command:         echo "1st line "        
                 echo "2nd line"         
                                         
                                       
                                       
Name:            default-tags            
Description:                             
Shell:           sh -c                   
Env:             VERSION=v.1.2.3         
                 TEST=Hello World        
Command:         pwd                     
                                       
                                       
Name:            default-projects        
Description:                             
Shell:           sh -c                   
Env:             VERSION=v.1.2.3         
                 TEST=Hello World        
Command:         pwd                     
                                       
                                       
Name:            default-output          
Description:                             
Shell:           sh -c                   
Env:             VERSION=v.1.2.3         
                 TEST=Hello World        
Command:         pwd                     
                                       
                                       
Name:            pwd                     
Description:                             
Shell:           sh -c                   
Env:             VERSION=v.1.2.3         
                 TEST=Hello World        
Command:         pwd                     
                                       
                                       
Name:            submarine               
Description:     Submarine test          
Shell:           sh -c                   
Env:             VERSION=v.1.2.3         
                 TEST=Hello World        
Command:         echo 0                  
Commands:                                
 - Name:         command-1               
   Description:                          
   Shell:        sh -c                   
   Env:          VERSION=v.1.2.3         
                 TEST=Hello World        
   Command:      echo 1                  
                                       
 - Name:         command-2               
   Description:                          
   Shell:        sh -c                   
   Env:          VERSION=v.1.2.3         
                 TEST=Hello World        
   Command:      echo 2                  
                                       
 - Name:         command-3               
   Description:                          
   Shell:        sh -c                   
   Env:          VERSION=v.1.2.3         
                 TEST=Hello World        
   Command:      echo 3                  
                                       
